[2026-05-18 15:16:53] local.ERROR: Writing to directory C:/Users/Lenovo/AppData/Roaming/PsySH is not allowed. {"exception":"[object] (ErrorException(code: 0): Writing to directory C:/Users/Lenovo/AppData/Roaming/PsySH is not allowed. at C:/eicee desktop/thesis 2.0/vendor/psy/psysh/src/ConfigPaths.php:456)
[stacktrace]
#0 C:/eicee desktop/thesis 2.0/vendor/laravel/framework/src/Illuminate/Foundation/Bootstrap/HandleExceptions.php(258): Illuminate/Foundation/Bootstrap/HandleExceptions->handleError(1024, 'Writing to dire...', 'C://eicee deskto...', 456)
#1 [internal function]: Illuminate/Foundation/Bootstrap/HandleExceptions->Illuminate/Foundation/Bootstrap/{closure}(1024, 'Writing to dire...', 'C://eicee deskto...', 456)
#2 C:/eicee desktop/thesis 2.0/vendor/psy/psysh/src/ConfigPaths.php(456): trigger_error('Writing to dire...', 1024)
#3 C:/eicee desktop/thesis 2.0/vendor/psy/psysh/src/ConfigPaths.php(485): Psy/ConfigPaths::ensureDir('C:/Users/Lenovo...')
#4 C:/eicee desktop/thesis 2.0/vendor/psy/psysh/src/Configuration.php(1076): Psy/ConfigPaths::touchFileWithMkdir('C:/Users/Lenovo...')
#5 C:/eicee desktop/thesis 2.0/vendor/psy/psysh/src/Configuration.php(1116): Psy/Configuration->setHistoryFile('C:/Users/Lenovo...')
#6 C:/eicee desktop/thesis 2.0/vendor/psy/psysh/src/Configuration.php(1293): Psy/Configuration->getHistoryFile()
#7 C:/eicee desktop/thesis 2.0/vendor/psy/psysh/src/Shell.php(191): Psy/Configuration->getReadline()
#8 C:/eicee desktop/thesis 2.0/vendor/psy/psysh/src/Shell.php(2171): Psy/Shell->boot()
#9 C:/eicee desktop/thesis 2.0/vendor/laravel/tinker/src/Console/TinkerCommand.php(77): Psy/Shell->execute('dump(DB::table(...')
#10 C:/eicee desktop/thesis 2.0/vendor/laravel/framework/src/Illuminate/Container/BoundMethod.php(36): Laravel/Tinker/Console/TinkerCommand->handle()
#11 C:/eicee desktop/thesis 2.0/vendor/laravel/framework/src/Illuminate/Container/Util.php(43): Illuminate/Container/BoundMethod::Illuminate/Container/{closure}()
#12 C:/eicee desktop/thesis 2.0/vendor/laravel/framework/src/Illuminate/Container/BoundMethod.php(96): Illuminate/Container/Util::unwrapIfClosure(Object(Closure))
#13 C:/eicee desktop/thesis 2.0/vendor/laravel/framework/src/Illuminate/Container/BoundMethod.php(35): Illuminate/Container/BoundMethod::callBoundMethod(Object(Illuminate/Foundation/Application), Array, Object(Closure))
#14 C:/eicee desktop/thesis 2.0/vendor/laravel/framework/src/Illuminate/Container/Container.php(799): Illuminate/Container/BoundMethod::call(Object(Illuminate/Foundation/Application), Array, Array, NULL)
#15 C:/eicee desktop/thesis 2.0/vendor/laravel/framework/src/Illuminate/Console/Command.php(211): Illuminate/Container/Container->call(Array)
#16 C:/eicee desktop/thesis 2.0/vendor/symfony/console/Command/Command.php(341): Illuminate/Console/Command->execute(Object(Symfony/Component/Console/Input/ArgvInput), Object(Illuminate/Console/OutputStyle))
#17 C:/eicee desktop/thesis 2.0/vendor/laravel/framework/src/Illuminate/Console/Command.php(180): Symfony/Component/Console/Command/Command->run(Object(Symfony/Component/Console/Input/ArgvInput), Object(Illuminate/Console/OutputStyle))
#18 C:/eicee desktop/thesis 2.0/vendor/symfony/console/Application.php(1117): Illuminate/Console/Command->run(Object(Symfony/Component/Console/Input/ArgvInput), Object(Symfony/Component/Console/Output/ConsoleOutput))
#19 C:/eicee desktop/thesis 2.0/vendor/symfony/console/Application.php(356): Symfony/Component/Console/Application->doRunCommand(Object(Laravel/Tinker/Console/TinkerCommand), Object(Symfony/Component/Console/Input/ArgvInput), Object(Symfony/Component/Console/Output/ConsoleOutput))
#20 C:/eicee desktop/thesis 2.0/vendor/symfony/console/Application.php(195): Symfony/Component/Console/Application->doRun(Object(Symfony/Component/Console/Input/ArgvInput), Object(Symfony/Component/Console/Output/ConsoleOutput))
#21 C:/eicee desktop/thesis 2.0/vendor/laravel/framework/src/Illuminate/Foundation/Console/Kernel.php(198): Symfony/Component/Console/Application->run(Object(Symfony/Component/Console/Input/ArgvInput), Object(Symfony/Component/Console/Output/ConsoleOutput))
#22 C:/eicee desktop/thesis 2.0/vendor/laravel/framework/src/Illuminate/Foundation/Application.php(1235): Illuminate/Foundation/Console/Kernel->handle(Object(Symfony/Component/Console/Input/ArgvInput), Object(Symfony/Component/Console/Output/ConsoleOutput))
#23 C:/eicee desktop/thesis 2.0/artisan(16): Illuminate/Foundation/Application->handleCommand(Object(Symfony/Component/Console/Input/ArgvInput))
#24 {main}
"} 
[2026-05-18 16:15:11] local.ERROR: Writing to directory C:/Users/Lenovo/AppData/Roaming/PsySH is not allowed. {"exception":"[object] (ErrorException(code: 0): Writing to directory C:/Users/Lenovo/AppData/Roaming/PsySH is not allowed. at C:/eicee desktop/thesis 2.0/vendor/psy/psysh/src/ConfigPaths.php:456)
[stacktrace]
#0 C:/eicee desktop/thesis 2.0/vendor/laravel/framework/src/Illuminate/Foundation/Bootstrap/HandleExceptions.php(258): Illuminate/Foundation/Bootstrap/HandleExceptions->handleError(1024, 'Writing to dire...', 'C://eicee deskto...', 456)
#1 [internal function]: Illuminate/Foundation/Bootstrap/HandleExceptions->Illuminate/Foundation/Bootstrap/{closure}(1024, 'Writing to dire...', 'C://eicee deskto...', 456)
#2 C:/eicee desktop/thesis 2.0/vendor/psy/psysh/src/ConfigPaths.php(456): trigger_error('Writing to dire...', 1024)
#3 C:/eicee desktop/thesis 2.0/vendor/psy/psysh/src/ConfigPaths.php(485): Psy/ConfigPaths::ensureDir('C:/Users/Lenovo...')
#4 C:/eicee desktop/thesis 2.0/vendor/psy/psysh/src/Configuration.php(1076): Psy/ConfigPaths::touchFileWithMkdir('C:/Users/Lenovo...')
#5 C:/eicee desktop/thesis 2.0/vendor/psy/psysh/src/Configuration.php(1116): Psy/Configuration->setHistoryFile('C:/Users/Lenovo...')
#6 C:/eicee desktop/thesis 2.0/vendor/psy/psysh/src/Configuration.php(1293): Psy/Configuration->getHistoryFile()
#7 C:/eicee desktop/thesis 2.0/vendor/psy/psysh/src/Shell.php(191): Psy/Configuration->getReadline()
#8 C:/eicee desktop/thesis 2.0/vendor/psy/psysh/src/Shell.php(2171): Psy/Shell->boot()
#9 C:/eicee desktop/thesis 2.0/vendor/laravel/tinker/src/Console/TinkerCommand.php(77): Psy/Shell->execute('echo json_encod...')
#10 C:/eicee desktop/thesis 2.0/vendor/laravel/framework/src/Illuminate/Container/BoundMethod.php(36): Laravel/Tinker/Console/TinkerCommand->handle()
#11 C:/eicee desktop/thesis 2.0/vendor/laravel/framework/src/Illuminate/Container/Util.php(43): Illuminate/Container/BoundMethod::Illuminate/Container/{closure}()
#12 C:/eicee desktop/thesis 2.0/vendor/laravel/framework/src/Illuminate/Container/BoundMethod.php(96): Illuminate/Container/Util::unwrapIfClosure(Object(Closure))
#13 C:/eicee desktop/thesis 2.0/vendor/laravel/framework/src/Illuminate/Container/BoundMethod.php(35): Illuminate/Container/BoundMethod::callBoundMethod(Object(Illuminate/Foundation/Application), Array, Object(Closure))
#14 C:/eicee desktop/thesis 2.0/vendor/laravel/framework/src/Illuminate/Container/Container.php(799): Illuminate/Container/BoundMethod::call(Object(Illuminate/Foundation/Application), Array, Array, NULL)
#15 C:/eicee desktop/thesis 2.0/vendor/laravel/framework/src/Illuminate/Console/Command.php(211): Illuminate/Container/Container->call(Array)
#16 C:/eicee desktop/thesis 2.0/vendor/symfony/console/Command/Command.php(341): Illuminate/Console/Command->execute(Object(Symfony/Component/Console/Input/ArgvInput), Object(Illuminate/Console/OutputStyle))
#17 C:/eicee desktop/thesis 2.0/vendor/laravel/framework/src/Illuminate/Console/Command.php(180): Symfony/Component/Console/Command/Command->run(Object(Symfony/Component/Console/Input/ArgvInput), Object(Illuminate/Console/OutputStyle))
#18 C:/eicee desktop/thesis 2.0/vendor/symfony/console/Application.php(1117): Illuminate/Console/Command->run(Object(Symfony/Component/Console/Input/ArgvInput), Object(Symfony/Component/Console/Output/ConsoleOutput))
#19 C:/eicee desktop/thesis 2.0/vendor/symfony/console/Application.php(356): Symfony/Component/Console/Application->doRunCommand(Object(Laravel/Tinker/Console/TinkerCommand), Object(Symfony/Component/Console/Input/ArgvInput), Object(Symfony/Component/Console/Output/ConsoleOutput))
#20 C:/eicee desktop/thesis 2.0/vendor/symfony/console/Application.php(195): Symfony/Component/Console/Application->doRun(Object(Symfony/Component/Console/Input/ArgvInput), Object(Symfony/Component/Console/Output/ConsoleOutput))
#21 C:/eicee desktop/thesis 2.0/vendor/laravel/framework/src/Illuminate/Foundation/Console/Kernel.php(198): Symfony/Component/Console/Application->run(Object(Symfony/Component/Console/Input/ArgvInput), Object(Symfony/Component/Console/Output/ConsoleOutput))
#22 C:/eicee desktop/thesis 2.0/vendor/laravel/framework/src/Illuminate/Foundation/Application.php(1235): Illuminate/Foundation/Console/Kernel->handle(Object(Symfony/Component/Console/Input/ArgvInput), Object(Symfony/Component/Console/Output/ConsoleOutput))
#23 C:/eicee desktop/thesis 2.0/artisan(16): Illuminate/Foundation/Application->handleCommand(Object(Symfony/Component/Console/Input/ArgvInput))
#24 {main}
"} 
